// Jest Snapshot v1, https://goo.gl/fbAQLP

exports[`matches snapshot 1`] = `
<body>
  <div>
    <form>
      <div
        class="MuiGrid-root MuiGrid-container MuiGrid-spacing-xs-1 MuiGrid-direction-xs-column"
      >
        <div
          class="MuiGrid-root MuiGrid-item"
        >
          <div
            class="MuiFormControl-root MuiTextField-root MuiFormControl-fullWidth"
            formik="[object Object]"
          >
            <label
              class="MuiFormLabel-root MuiInputLabel-root MuiInputLabel-formControl MuiInputLabel-animated MuiInputLabel-shrink MuiInputLabel-marginDense MuiInputLabel-outlined MuiFormLabel-focused MuiInputLabel-focused"
              data-shrink="true"
              for="create-group-name"
              id="create-group-name-label"
            >
              modals.group.create.name
            </label>
            <div
              class="MuiInputBase-root MuiOutlinedInput-root MuiInputBase-fullWidth MuiInputBase-focused MuiOutlinedInput-focused MuiInputBase-formControl MuiInputBase-marginDense MuiOutlinedInput-marginDense"
            >
              <input
                aria-describedby="create-group-name-helper-text"
                aria-invalid="false"
                class="MuiInputBase-input MuiOutlinedInput-input MuiInputBase-inputMarginDense MuiOutlinedInput-inputMarginDense"
                id="create-group-name"
                name="name"
                type="text"
                value=""
              />
              <fieldset
                aria-hidden="true"
                class="PrivateNotchedOutline-root MuiOutlinedInput-notchedOutline"
              >
                <legend
                  class="PrivateNotchedOutline-legendLabelled PrivateNotchedOutline-legendNotched"
                >
                  <span>
                    modals.group.create.name
                  </span>
                </legend>
              </fieldset>
            </div>
            <p
              class="MuiFormHelperText-root MuiFormHelperText-contained MuiFormHelperText-focused MuiFormHelperText-marginDense"
              id="create-group-name-helper-text"
            >
              <span>
                ​
              </span>
            </p>
          </div>
        </div>
        <div
          class="MuiGrid-root MuiGrid-item"
        >
          <div
            class="MuiFormControl-root MuiTextField-root MuiFormControl-fullWidth"
            formik="[object Object]"
          >
            <label
              class="MuiFormLabel-root MuiInputLabel-root MuiInputLabel-formControl MuiInputLabel-animated MuiInputLabel-marginDense MuiInputLabel-outlined"
              data-shrink="false"
              for="create-group-description"
              id="create-group-description-label"
            >
              modals.group.create.description
            </label>
            <div
              class="MuiInputBase-root MuiOutlinedInput-root MuiInputBase-fullWidth MuiInputBase-formControl MuiInputBase-multiline MuiOutlinedInput-multiline MuiInputBase-marginDense MuiOutlinedInput-marginDense"
            >
              <textarea
                aria-describedby="create-group-description-helper-text"
                aria-invalid="false"
                class="MuiInputBase-input MuiOutlinedInput-input MuiInputBase-inputMultiline MuiOutlinedInput-inputMultiline MuiInputBase-inputMarginDense MuiOutlinedInput-inputMarginDense"
                id="create-group-description"
                name="description"
                rows="6"
              />
              <fieldset
                aria-hidden="true"
                class="PrivateNotchedOutline-root MuiOutlinedInput-notchedOutline"
              >
                <legend
                  class="PrivateNotchedOutline-legendLabelled"
                >
                  <span>
                    modals.group.create.description
                  </span>
                </legend>
              </fieldset>
            </div>
            <p
              class="MuiFormHelperText-root MuiFormHelperText-contained MuiFormHelperText-marginDense"
              id="create-group-description-helper-text"
            >
              <span>
                ​
              </span>
            </p>
          </div>
        </div>
        <div
          class="MuiGrid-root MuiGrid-container MuiGrid-item MuiGrid-justify-content-xs-flex-end"
        >
          <div
            class="MuiGrid-root MuiGrid-item"
          >
            <button
              class="MuiButtonBase-root MuiButton-root MuiButton-contained makeStyles-contained makeStyles-shadowPrimary makeStyles-button MuiButton-containedPrimary"
              id="create-group-submit"
              tabindex="0"
              type="submit"
            >
              <span
                class="MuiButton-label makeStyles-label"
              >
                modals.group.create.create
              </span>
            </button>
          </div>
        </div>
      </div>
    </form>
  </div>
</body>
`;
