// Jest Snapshot v1, https://goo.gl/fbAQLP

exports[`Invites modal renders list of invites correctly 1`] = `
<body
  style="padding-right: 0px; overflow: hidden;"
>
  <div
    aria-hidden="true"
  />
  <div
    class="MuiDialog-root"
    role="presentation"
    style="position: fixed; z-index: 1300; right: 0px; bottom: 0px; top: 0px; left: 0px;"
  >
    <div
      aria-hidden="true"
      class="MuiBackdrop-root"
      style="opacity: 1; webkit-transition: opacity 225ms cubic-bezier(0.4, 0, 0.2, 1) 0ms; transition: opacity 225ms cubic-bezier(0.4, 0, 0.2, 1) 0ms;"
    />
    <div
      data-test="sentinelStart"
      tabindex="0"
    />
    <div
      class="MuiDialog-container MuiDialog-scrollPaper"
      role="none presentation"
      style="opacity: 1; webkit-transition: opacity 225ms cubic-bezier(0.4, 0, 0.2, 1) 0ms; transition: opacity 225ms cubic-bezier(0.4, 0, 0.2, 1) 0ms;"
      tabindex="-1"
    >
      <div
        class="MuiPaper-root MuiDialog-paper makeStyles-rounded MuiDialog-paperScrollPaper MuiDialog-paperWidthSm MuiDialog-paperFullWidth MuiPaper-elevation24 MuiPaper-rounded"
        role="dialog"
      >
        <div
          class="MuiDialogTitle-root makeStyles-root"
        >
          <h2
            class="MuiTypography-root MuiTypography-h6"
          >
            <div
              class="MuiGrid-root MuiGrid-container MuiGrid-wrap-xs-nowrap"
            >
              <div
                class="MuiGrid-root makeStyles-title MuiGrid-item"
              >
                modals.invites.title
              </div>
              <div
                class="MuiGrid-root makeStyles-closeButton MuiGrid-item"
              >
                <button
                  class="MuiButtonBase-root MuiIconButton-root"
                  tabindex="0"
                  type="button"
                >
                  <span
                    class="MuiIconButton-label"
                  >
                    <svg
                      aria-hidden="true"
                      class="MuiSvgIcon-root"
                      focusable="false"
                      viewBox="0 0 24 24"
                    >
                      <path
                        d="M19 6.41L17.59 5 12 10.59 6.41 5 5 6.41 10.59 12 5 17.59 6.41 19 12 13.41 17.59 19 19 17.59 13.41 12z"
                      />
                    </svg>
                  </span>
                </button>
              </div>
            </div>
          </h2>
        </div>
        <div
          class="MuiDialogContent-root"
          style="min-height: 100px;"
        >
          <ul
            class="MuiList-root MuiList-padding"
          >
            <div
              class="MuiCollapse-root MuiCollapse-entered"
              style="min-height: 0px;"
            >
              <div
                class="MuiCollapse-wrapper"
              >
                <div
                  class="MuiCollapse-wrapperInner"
                >
                  <li
                    class="MuiListItem-container"
                  >
                    <div
                      class="MuiListItem-root MuiListItem-gutters MuiListItem-secondaryAction"
                    >
                      <div
                        class="MuiListItemText-root MuiListItemText-multiline"
                      >
                        <span
                          class="MuiTypography-root MuiListItemText-primary MuiTypography-body1 MuiTypography-colorTextPrimary MuiTypography-displayBlock"
                        >
                          group-1
                        </span>
                        <p
                          class="MuiTypography-root MuiListItemText-secondary MuiTypography-body2 MuiTypography-colorTextSecondary MuiTypography-displayBlock"
                        >
                          misc.invitedBy
                        </p>
                      </div>
                    </div>
                    <div
                      class="MuiListItemSecondaryAction-root"
                    >
                      <div
                        class="MuiGrid-root MuiGrid-container MuiGrid-spacing-xs-1"
                      >
                        <div
                          class="MuiGrid-root MuiGrid-item"
                        >
                          <button
                            class="MuiButtonBase-root MuiIconButton-root makeStyles-button makeStyles-button"
                            id="invite-1-accept-btn"
                            tabindex="0"
                            title="misc.accept"
                            type="button"
                          >
                            <span
                              class="MuiIconButton-label"
                            >
                              <svg
                                aria-hidden="true"
                                class="MuiSvgIcon-root"
                                focusable="false"
                                viewBox="0 0 24 24"
                              >
                                <path
                                  d="M9 16.17L4.83 12l-1.42 1.41L9 19 21 7l-1.41-1.41z"
                                />
                              </svg>
                            </span>
                          </button>
                        </div>
                        <div
                          class="MuiGrid-root MuiGrid-item"
                        >
                          <button
                            class="MuiButtonBase-root MuiIconButton-root makeStyles-button makeStyles-button"
                            id="invite-1-delete-btn"
                            tabindex="0"
                            title="misc.delete"
                            type="button"
                          >
                            <span
                              class="MuiIconButton-label"
                            >
                              <svg
                                aria-hidden="true"
                                class="MuiSvgIcon-root"
                                focusable="false"
                                viewBox="0 0 24 24"
                              >
                                <path
                                  d="M6 19c0 1.1.9 2 2 2h8c1.1 0 2-.9 2-2V7H6v12zM19 4h-3.5l-1-1h-5l-1 1H5v2h14V4z"
                                />
                              </svg>
                            </span>
                          </button>
                        </div>
                      </div>
                    </div>
                  </li>
                </div>
              </div>
            </div>
            <div
              class="MuiCollapse-root MuiCollapse-entered"
              style="min-height: 0px;"
            >
              <div
                class="MuiCollapse-wrapper"
              >
                <div
                  class="MuiCollapse-wrapperInner"
                >
                  <hr
                    class="MuiDivider-root"
                  />
                  <li
                    class="MuiListItem-container"
                  >
                    <div
                      class="MuiListItem-root MuiListItem-gutters MuiListItem-secondaryAction"
                    >
                      <div
                        class="MuiListItemText-root MuiListItemText-multiline"
                      >
                        <span
                          class="MuiTypography-root MuiListItemText-primary MuiTypography-body1 MuiTypography-colorTextPrimary MuiTypography-displayBlock"
                        >
                          group-2
                        </span>
                        <p
                          class="MuiTypography-root MuiListItemText-secondary MuiTypography-body2 MuiTypography-colorTextSecondary MuiTypography-displayBlock"
                        >
                          misc.invitedBy
                        </p>
                      </div>
                    </div>
                    <div
                      class="MuiListItemSecondaryAction-root"
                    >
                      <div
                        class="MuiGrid-root MuiGrid-container MuiGrid-spacing-xs-1"
                      >
                        <div
                          class="MuiGrid-root MuiGrid-item"
                        >
                          <button
                            class="MuiButtonBase-root MuiIconButton-root makeStyles-button makeStyles-button"
                            id="invite-2-accept-btn"
                            tabindex="0"
                            title="misc.accept"
                            type="button"
                          >
                            <span
                              class="MuiIconButton-label"
                            >
                              <svg
                                aria-hidden="true"
                                class="MuiSvgIcon-root"
                                focusable="false"
                                viewBox="0 0 24 24"
                              >
                                <path
                                  d="M9 16.17L4.83 12l-1.42 1.41L9 19 21 7l-1.41-1.41z"
                                />
                              </svg>
                            </span>
                          </button>
                        </div>
                        <div
                          class="MuiGrid-root MuiGrid-item"
                        >
                          <button
                            class="MuiButtonBase-root MuiIconButton-root makeStyles-button makeStyles-button"
                            id="invite-2-delete-btn"
                            tabindex="0"
                            title="misc.delete"
                            type="button"
                          >
                            <span
                              class="MuiIconButton-label"
                            >
                              <svg
                                aria-hidden="true"
                                class="MuiSvgIcon-root"
                                focusable="false"
                                viewBox="0 0 24 24"
                              >
                                <path
                                  d="M6 19c0 1.1.9 2 2 2h8c1.1 0 2-.9 2-2V7H6v12zM19 4h-3.5l-1-1h-5l-1 1H5v2h14V4z"
                                />
                              </svg>
                            </span>
                          </button>
                        </div>
                      </div>
                    </div>
                  </li>
                </div>
              </div>
            </div>
          </ul>
        </div>
      </div>
    </div>
    <div
      data-test="sentinelEnd"
      tabindex="0"
    />
  </div>
</body>
`;
